options=object
findMe=true
this.nameArgs=md5:contextAndOptionsAfterEach