newPath: test/fixtures/output/callback/test-8ba6ae54067b2766661cd6f11331f557.js
oldPath: test/fixtures/test.js
content: /* only for testing */
